// Vitest Snapshot v1, https://vitest.dev/guide/snapshot.html

exports[`it should fetch an RSS feed with caching 1`] = `"[{"title":"Creating an already-completed asynchronous activity in C++/WinRT, part 4","url":"https://devblogs.microsoft.com/oldnewthing/20240712-00/?p=109967","date":"2024-07-12T14:00:00.000Z","source":{"url":"http://localhost:PORT/rss-10.xml","title":"rss 10"},"preview":"Failing is easy. Failing correctly is hard. The post Creating an already-completed asynchronous activity in C++/WinRT, part 4 appeared first on The Old New Thing."}]"`;

exports[`it should fetch an RSS feed without caching 1`] = `"[{"title":"Creating an already-completed asynchronous activity in C++/WinRT, part 4","url":"https://devblogs.microsoft.com/oldnewthing/20240712-00/?p=109967","date":"2024-07-12T14:00:00.000Z","source":{"title":"rss 10","url":"http://localhost:PORT/rss-10.xml"},"preview":"Failing is easy. Failing correctly is hard. The post Creating an already-completed asynchronous activity in C++/WinRT, part 4 appeared first on The Old New Thing."}]"`;

exports[`it should fetch several RSS feeds 1`] = `"[{"title":"Creating an already-completed asynchronous activity in C++/WinRT, part 4","url":"https://devblogs.microsoft.com/oldnewthing/20240712-00/?p=109967","date":"2024-07-12T14:00:00.000Z","source":{"title":"rss 10","url":"http://localhost:PORT/rss-10.xml"},"preview":"Failing is easy. Failing correctly is hard. The post Creating an already-completed asynchronous activity in C++/WinRT, part 4 appeared first on The Old New Thing."},{"title":"Garlic and gravel","url":"https://www.henrikkarlsson.xyz/p/garlic-and-gravel","date":"2024-07-12T11:34:25.000Z","source":{"title":"rss 16","url":"http://localhost:PORT/rss-16.xml"},"preview":"fragments"},{"title":"My Glorious Ascension To Thought Leadership","url":"https://ludic.mataroa.blog/blog/my-glorious-ascension-to-thought-leadership/","date":"2024-07-11T00:00:00.000Z","source":{"title":"rss 5","url":"http://localhost:PORT/rss-5.xml"},"preview":"I. This Escalated Quickly I mentioned one post ago that this blog has done approximately 2M+ lifetime views, with over a million of them being in the past two weeks in response to the now-infamous rant about AI, then I went out of my way to not write the most maximally viral thing possible for perso..."}]"`;
